// Jest Snapshot v1, https://goo.gl/fbAQLP

exports[`support-reject 1`] = `
"// Jest Snapshot v1, https://goo.gl/fbAQLP

exports[\`support-reject 1\`] = \`"octopus"\`;
"
`;
